// Jest Snapshot v1, https://goo.gl/fbAQLP

exports[`CalendarDay should render correctly 1`] = `
<styled.span>
  <styled.div>
    21
  </styled.div>
  <div>
    $666
  </div>
</styled.span>
`;
