// Jest Snapshot v1, https://goo.gl/fbAQLP

exports[`CalendarMonth should render correctly 1`] = `
<styled.div>
  July
   20
  18
</styled.div>
`;
